core_cm0plus.h:745:22:NVIC_EnableIRQ	16	static
fsl_clock.h:620:20:CLOCK_SetLpsci0Clock	16	static
fsl_common.h:212:20:EnableIRQ	16	static
fsl_lpsci.h:516:23:LPSCI_ReadByte	16	static
lpsci_interrupt.c:117:6:UART0_IRQHandler	16	static
lpsci_interrupt.c:141:6:goDown	24	static
lpsci_interrupt.c:150:6:goUp	24	static
lpsci_interrupt.c:165:6:goSlowUp	24	static
lpsci_interrupt.c:172:6:goSlowDown	24	static
lpsci_interrupt.c:179:6:closeDoor	16	static
lpsci_interrupt.c:184:6:openDoor	16	static
lpsci_interrupt.c:192:6:delay	24	static
lpsci_interrupt.c:201:15:dallas_crc8	40	static
lpsci_interrupt.c:216:6:ledControl	48	static
lpsci_interrupt.c:230:6:sendAck	40	static
lpsci_interrupt.c:237:6:dataProcessing	16	static
lpsci_interrupt.c:440:6:goToFloor	16	static
lpsci_interrupt.c:466:6:stopMotor	16	static
lpsci_interrupt.c:479:6:readyForNewData	8	static
lpsci_interrupt.c:485:6:goToDefault	8	static
lpsci_interrupt.c:492:6:processAck	16	static
lpsci_interrupt.c:511:6:displayData	56	static
lpsci_interrupt.c:551:5:main	16	static
