core_cm0plus.h:745:22:NVIC_EnableIRQ	16	static
fsl_clock.h:620:20:CLOCK_SetLpsci0Clock	16	static
fsl_common.h:212:20:EnableIRQ	16	static
fsl_lpsci.h:516:23:LPSCI_ReadByte	16	static
lpsci_interrupt.c:116:6:UART0_IRQHandler	16	static
lpsci_interrupt.c:140:6:goDown	24	static
lpsci_interrupt.c:149:6:goUp	24	static
lpsci_interrupt.c:164:6:goSlowUp	24	static
lpsci_interrupt.c:171:6:goSlowDown	24	static
lpsci_interrupt.c:178:6:closeDoor	16	static
lpsci_interrupt.c:183:6:openDoor	16	static
lpsci_interrupt.c:191:6:delay	24	static
lpsci_interrupt.c:200:15:dallas_crc8	40	static
lpsci_interrupt.c:215:6:ledControl	48	static
lpsci_interrupt.c:229:6:sendAck	40	static
lpsci_interrupt.c:236:6:dataProcessing	16	static
lpsci_interrupt.c:439:6:goToFloor	16	static
lpsci_interrupt.c:465:6:stopMotor	16	static
lpsci_interrupt.c:474:6:readyForNewData	8	static
lpsci_interrupt.c:480:6:goToDefault	8	static
lpsci_interrupt.c:487:6:processAck	16	static
lpsci_interrupt.c:506:6:displayData	56	static
lpsci_interrupt.c:546:5:main	16	static
